// Jest Snapshot v1, https://goo.gl/fbAQLP

exports[`Pruebas en giftGridItem debe de mostrar el componente correctamente 1`] = `
<div
  className="card animate__animated animate__fadeInDown"
>
  <img
    alt="Un título"
    src="http://localhost.com"
  />
  <p>
    Un título
  </p>
</div>
`;
